# serializer version: 1
# name: test_format_result_message_handles_changes
  dict({
    'documents': '''
      Updated version to 7.8.9 in 2 manifest(s) and 1 documentation file(s):
      - Cargo.toml
      - member/Cargo.toml
      - README.md (documentation)
    ''',
    'dry_run': '''
      Dry run; would update version to 4.5.6 in 2 manifest(s):
      - Cargo.toml
      - member/Cargo.toml
    ''',
    'lockfiles': '''
      Updated version to 7.8.9 in 1 lockfile(s):
      - Cargo.lock (lockfile)
    ''',
    'manifests': '''
      Updated version to 4.5.6 in 2 manifest(s):
      - Cargo.toml
      - member/Cargo.toml
    ''',
    'no_changes': 'No manifest changes required; all versions already 1.2.3.',
  })
# ---
