# serializer version: 1
# name: test_coercion_error_messages_are_stable
  list([
    'bump.exclude[0] must be a string; received int.',
    'packages[] must be a mapping; received list.',
    'packages must be a sequence; received str.',
    'bump.exclude must be a string or a sequence of strings; received int.',
    'preflight.env must be a TOML table; received int.',
    'preflight.aux_build must be a sequence of string sequences.',
    'bump.rebuild_lockfiles must be a boolean; received int.',
    'preflight.stderr_tail_lines must be an integer; received str.',
  ])
# ---
